to ende
local "file
ct
pr [onder welke naam moet het geheugen gesaved worden ?]
make "file first rl
save :file
repeat 10 [pr "]
pr [de data is opgeslagen.]
pr [* * * * * * * PROGRAMMAEINDE * * * * * * *]
stop
end
to start
ct
pr [* * * * gegeveldnr :feldnr + 1]
pr [______________________________________________________________________________]
pr "
end
to ansehen
pr [welk datensatz wilt u zien ?]
pr [(nr. 0 gaat naar menu)]
type [datensatz nummer :]
make "nr first rl
if emptyp :nr [starnsbeheer logodat * * * *]
repeat 5 [pr "]
pr [i nitialisierung]
pr [e ingabe]
pr [a nsehen]
pr [l isten]
pr [d atensatz suchen]
pr [s ortieren]
pr [p rogrammende]
repeat 4 [pr "]
pr [= = = = = = = > maak uw keuze ...]
make "wunsch []
make "wunst]
if :nr = "0 [start]
pr "
druckesatz :nr
ansehen
end
to suche
(local "gefunden "suchbegriff "suchfeld "zugriff "daten "inhalt "nr)
ct
pr [in welk verd zoeken ?]
feldwahl
pr [es soll gesucht werden nach ?]
make "suchbegriff rl
make "suchfeld ch rc
ausfuehrung :wunsch
end
to eingabe
(local "dat "daten "eingebefeld "ausgabetext "satznummer "nr "feldnr)
ct
pr [* * * * * * * data ingeven * * * * * * *]
type [satz nr.]
make "satznummer rl
if emptyp :satznummer [start]
make "nr first :satzword "feldname :feld
make "nr 1
make "gefunden "n
pr "
pr [suche laeuft ...]
pr "
repeat :feldanzahl [make "zugriff gprop :suchfeld ".apv make "daten word "d :nr make "inhalt gprop :daten :zugriff if (:suchbegriff = :inhalt) [druckesatz :nr make "gefnummer
if :nr > :maximum [eingabe]
make "daten word "d :nr
ct
type [eingabe:]
pr "
make "feldnr 1
repeat :feldanzahl [make "eingabefeld word "feldname :feldnr make "ausgabetext gprop :eingabefeld ".apv type :ausgabetext make "dat rl pprop :daten :auunden "j] make "nr :nr + 1]
if :gefunden = "n [pr [* * * nicht in der datei * * *]]
end
to feldwahl
make "feldnr 1
pr "
repeat :feldanzahl [type :feldnr type "# = make "ausgabefeld word "feldname :feldnr make "zugriff gprop :ausgabefeld ".apv pr :zugsgabetext :dat make "feldnr :feldnr + 1]
eingabe
end
to init
(local "feldnr "ausgabe "eingab)
ct
make "felder [feldnamen]
pr [* * * * * * data opbouwen * * * * * *]
pr "
pr [hoeveel ingeefvelden ?]
make "feldanzahl rc
pr :feldanzahl
make "feldnriff make "feldnr :feldnr + 1]
pr "
pr [geef het nummer van het gewenste veld .]
make "feld rc
end
to sortiere
(local "sortfeld)
make "n 1
ct
pr [welk veld moet gesorteerd worden ?]
feldwahl
pr "
make "sortfeld word "feldname :feld
make "zugrir 1
repeat :feldanzahl [make "ausgabe word "feldname :feldnr type :ausgabe type [:] make "eingab first rl make "eingab word :eingab ": make :ausgabe :eingab make "feldnr :feldnr + 1]
ct
pr [hoe veel datensaetze ?]
make "maximum first rl
end
to listeff gprop :sortfeld ".apv
pr [* * * sorteren in werking... * * *]
repeat :maximum [if :n = 1 [make "n 0 sort2]]
end
to sort2
(local "is1 "is2 "nr)
make "nr 1
repeat :maximum [make "satz1 word "d :nr make "is1 gprop :satz1 :zugriff make "satz2 word "d
ct
pr [* * * * * * ausgabe der gesamten datei * * * * * *]
pr "
drucker
ct
make "nr 0
repeat :maximum [make "nr :nr + 1 druckesatz :nr]
copyoff
warte
end
to druckesatz :nr
(local "daten "feldnr "ausgabefeld "zugriff)
make "daten word "d :nr
m :nr + 1 make "is2 gprop :satz2 :zugriff if emptyp :is2 [stop] if ((first :is2) < (first :is1)) [tausche make "n 1] make "nr :nr + 1]
end
to tausche
(local "feldnr "feld "dummy "zugriff)
make "feldnr 1
repeat :feldanzahl [make "feld word "feldname :feake "feldnr 1
type [datensatz nr. :]
pr :nr
pr [- - - - - - - - -]
repeat :feldanzahl [make "ausgabefeld word "feldname :feldnr make "ausgabetext :ausgabefeld make "zugriff gprop :ausgabefeld ".apv type :zugriff type gprop :daten :zugriff pr " make "feldnr make "zugriff gprop :feld ".avp make "dummy gprop :satz1 :zugriff pprop :satz1 :zugriff (gprop :satz2 :zugriff) pprop :satz2 :zugriff :dummy make "feldnr :feldnr + 1]
end
to warte
local "eingabe
pr "
pr [tastendruck fuehrt zum menue ...]
make "eingabe rc
end
to drucker
pr [wilt u het op de printer hebben ?]
make "eingabe rc
if :eingabe = "j [copyon]
end
to ausfuehrung :wunsch
if :wunsch = "i [init]
if :wunsch = "e [eingabe]
if :wunsch = "a [ansehen]
if :wunsch = "l [liste]
if :wunsch ]
pr :nr
pr [- - - - - - - - -]
repeat :feldanzahl [make "ausgabefeld worn "feldname :feldnr make "ausgebetext :ausgabefeld make "zufriff gprop :ausgabefeld ".apv type :zugriff type gprop :daten :zugriff pr "make "feldnr + 1]
pr [- - - - - - - - - - - = "p [ende]
if :wunsch = "d [suche]
if :wunsch = "s [sortiere]
start
end
to s
ct
pr [* * * * gegevensbeheer logodat * * * *]
repeat 5 [pr "]
pr [i nitialisierung]
pr [e ingabe]
pr [a nsehen]
pr [l isten]
pr [d atensatz suchen]
pr [s ortieren]- - - - - - - - - - - - - - - - - - - - - - - - - - - - - - - - - - - - - - - - - - - - - - - -]
pr "
end
to ansehen
pr [welchen datensatz wollen sie sehen ?]
pr [(eingabe 0 fuehrt zum menue)]
type [datensatz nummer:]
make "nr first rl
if emptyp :n