to face
ht cs
rt 90
make "chin piece 1 2 tf
setpc 3 repeat 36 [fd 6 lt 10]
setpc 1 lt 90 pu fd 30
lt 90 fd 20
seth 0
eye
seth 90 fd 30
seth 0
eye
setpc 2 seth 150 fd 10
seth 180
mouth
setpos :chin seth 0
fd 23 lt 5
end
to eye
pd
repeat ееееееееееееееееееееееееееееееееееееееееееееееееееееееееееееееееееееееееееееееееееееееееееееееееееееееееееееееееееееееееееееееееееееееееееееееееееееееееееееееееееееееееееееееееееееееееееееееееееееееееееееееееееееееееееееееееееееееееееееееееееееееееееееееее