to pcd
setscrunch 0.8 setpc 2
pu ht setpos [-100 -150] seth 0 fs pd
haus 9.5 pu setpos [0 -110] setpc 1 pd fill setpc 3
pu setpos [-30 -65] seth 0 pd fd 10 box 10
pu fd 10 rt 90 fd 30 pd bk 10 rt 90 fd 20 lt 90 fd 10
pu fd 10 pd lt 90 fd 20 rt 120 fdееееееееееееееееееееееееееееееееееееееееееееееееееееееееееееееееееееееееееееееееееееееееееееееееееееееееееееееееееееееееееееееееееееееееееееееееееееееееееееееееееееееееееееееееееееееееееееееееееееееееееееееееееееееееееееееееееееееееееееееееееееееееееееееее 12 rt 60 fd 14 rt 90 fd 10
end
to fenster :s
seth 0 fd :s / 2 rt 90 bk :s / 2
box :s
rt 90 fd :s / 2 lt 90 fd :s bk :s / 2 lt 90 bk :s / 2 fd :s / 2
end
to box :a
repeat 4 [fd :a rt 90]
end
to front :au
pu seth 35 fd :au * 7 pd fenster :au * 4 ееееееееееееееееееееееееееееееееееееееееееееееееееееееееееееееееееееееееееееееееееееееееееееееееееееееееееееееееееееееееееееееееееееееееееееееееееееееееееееееееееееееееееееееееееееееееееееееееееееееееееееееееееееееееееееееееееееееееееееееееееееееееееееееееpu fd :au * 9 pd fenster :au * 4
repeat 2 [seth 90 pu fd :au * 6 pd fenster :au * 4]
pu bk :au * 9 pd fenster :au * 4
pu seth -145 fd :au * 7 pd seth 0 fd :au * 8 lt 90 fd :au * 4 lt 90 fd :au * 8
pu seth 20 fd :au * 6 pd fenster :au * 2
pu seth -150 ееееееееееееееееееееееееееееееееееееееееееееееееееееееееееееееееееееееееееееееееееееееееееееееееееееееееееееееееееееееееееееееееееееееееееееееееееееееееееееееееееееееееееееееееееееееееееееееееееееееееееееееееееееееееееееееееееееееееееееееееееееееееееееееее